Opt> 10.74

Connecting to newnew@172.20.10.74 0.1
Last login: Mon Jun 18 18:33:58 2018 from 172.20.10.201
[newnew@VM_10_74_centos ~]$ ipa  s
-bash: ipa: command not found
[newnew@VM_10_74_centos ~]$ ip a  s
1: lo: <LOOPBACK,UP,LOWER_UP> mtu 65536 qdisc noqueue state UNKNOWN qlen 1
    link/loopback 00:00:00:00:00:00 brd 00:00:00:00:00:00
    inet 127.0.0.1/8 scope host lo
       valid_lft forever preferred_lft forever
2: eth0: <BROADCAST,MULTICAST,UP,LOWER_UP> mtu 1500 qdisc mq state UP qlen 1000
    link/ether 52:54:00:34:21:b3 brd ff:ff:ff:ff:ff:ff
    inet 172.20.10.74/24 brd 172.20.10.255 scope global eth0
       valid_lft forever preferred_lft forever
[newnew@VM_10_74_centos ~]$ ssh test@172.20.10.30
The authenticity of host '172.20.10.30 (172.20.10.30)' can't be established.
ECDSA key fingerprint is SHA256:uxF76003cO6zkf8OBm0oQMKuDQUJbVUCfpq4/BZiwqs.
ECDSA key fingerprint is MD5:d7:ee:cb:1e:5d:55:62:34:43:56:57:25:0c:51:3c:f8.
Are you sure you want to continue connecting (yes/no)? yes
Warning: Permanently added '172.20.10.30' (ECDSA) to the list of known hosts.
test@172.20.10.30's password: 
[test@VM_10_30_centos ~]$ ip a  s
1: lo: <LOOPBACK,UP,LOWER_UP> mtu 65536 qdisc noqueue state UNKNOWN qlen 1
    link/loopback 00:00:00:00:00:00 brd 00:00:00:00:00:00
    inet 127.0.0.1/8 scope host lo
       valid_lft forever preferred_lft forever
2: eth0: <BROADCAST,MULTICAST,UP,LOWER_UP> mtu 1500 qdisc mq state UP qlen 1000
    link/ether 52:54:00:f6:1d:78 brd ff:ff:ff:ff:ff:ff
    inet 172.20.10.30/24 brd 172.20.10.255 scope global eth0
       valid_lft forever preferred_lft forever
[test@VM_10_30_centos ~]$ ssh 172.20.10.198
The authenticity of host '172.20.10.198 (172.20.10.198)' can't be established.
ECDSA key fingerprint is SHA256:24rTzhEUO2pBnU1AI8Pp9AkjsmJ3b+SW1fANA/qAiuY.
ECDSA key fingerprint is MD5:52:c6:48:e8:a8:1b:2e:db:d8:bb:c0:33:dc:9d:4a:36.
Are you sure you want to continue connecting (yes/no)? yes
Warning: Permanently added '172.20.10.198' (ECDSA) to the list of known hosts.
test@172.20.10.198's password: 
Last login: Mon Jun 18 18:42:42 2018
[test@VM_10_198_centos ~]$ exit
logout
Connection to 172.20.10.198 closed.
[test@VM_10_30_centos ~]$ ssh 172.20.10.199
The authenticity of host '172.20.10.199 (172.20.10.199)' can't be established.
ECDSA key fingerprint is SHA256:oeGSXxE9D9/s8gzcHMCEevy67SYKmKbABuZwQxok2Iw.
ECDSA key fingerprint is MD5:b7:8c:11:57:52:fe:38:8e:b0:1c:6c:b4:4f:21:83:5c.
Are you sure you want to continue connecting (yes/no)? yes
Warning: Permanently added '172.20.10.199' (ECDSA) to the list of known hosts.
test@172.20.10.199's password: 
[test@VM_10_199_centos ~]$ ip a  s
1: lo: <LOOPBACK,UP,LOWER_UP> mtu 65536 qdisc noqueue state UNKNOWN qlen 1
    link/loopback 00:00:00:00:00:00 brd 00:00:00:00:00:00
    inet 127.0.0.1/8 scope host lo
       valid_lft forever preferred_lft forever
2: eth0: <BROADCAST,MULTICAST,UP,LOWER_UP> mtu 1500 qdisc mq state UP qlen 1000
    link/ether 52:54:00:1e:4e:4c brd ff:ff:ff:ff:ff:ff
    inet 172.20.10.199/24 brd 172.20.10.255 scope global eth0
       valid_lft forever preferred_lft forever
[test@VM_10_199_centos ~]$ exit
logout
Connection to 172.20.10.199 closed.
[test@VM_10_30_centos ~]$ sudo telnet 172.20.10.200 3306
Trying 172.20.10.200...
Connected to 172.20.10.200.
Escape character is '^]'.
N
5.7.21-logμ>o>&U2!seSpIw',mysql_native_password^ZConnection closed by foreign host.
[test@VM_10_30_centos ~]$ exit
logout
Connection to 172.20.10.30 closed.
[newnew@VM_10_74_centos ~]$ 
[newnew@VM_10_74_centos ~]$ 
[newnew@VM_10_74_centos ~]$ 
[newnew@VM_10_74_centos ~]$ 
[newnew@VM_10_74_centos ~]$ sudo telnet 172.20.10.200 3306
Trying 172.20.10.200...
^C
[newnew@VM_10_74_centos ~]$ netstat -lnutp
(No info could be read for "-p": geteuid()=10000 but you should be root.)
Active Internet connections (only servers)
Proto Recv-Q Send-Q Local Address           Foreign Address         State       PID/Program name    
tcp        0      0 0.0.0.0:111             0.0.0.0:*               LISTEN      -                   
tcp        0      0 0.0.0.0:22              0.0.0.0:*               LISTEN      -                   
udp        0      0 0.0.0.0:27367           0.0.0.0:*                           -                   
udp        0      0 0.0.0.0:68              0.0.0.0:*                           -                   
udp        0      0 172.20.10.74:123        0.0.0.0:*                           -                   
udp        0      0 127.0.0.1:123           0.0.0.0:*                           -                   
udp        0      0 0.0.0.0:123             0.0.0.0:*                           -                   
udp6       0      0 :::123                  :::*                                -                   
udp6       0      0 :::12907                :::*     


[newnew@VM_10_199_centos ~]$ sudo tcpdump host 172.20.10.74 -nnn  -s 0 -c 10
tcpdump: verbose output suppressed, use -v or -vv for full protocol decode
listening on eth0, link-type EN10MB (Ethernet), capture size 262144 bytes
19:14:25.697935 IP 172.20.10.199.22 > 172.20.10.74.54988: Flags [P.], seq 787507591:787507779, ack 3397562105, win 294, options [nop,nop,TS val 611206362 ecr 1137544971], length 188
19:14:25.698145 IP 172.20.10.199.22 > 172.20.10.74.54988: Flags [P.], seq 188:408, ack 1, win 294, options [nop,nop,TS val 611206362 ecr 1137544971], length 220
19:14:25.698186 IP 172.20.10.199.22 > 172.20.10.74.54988: Flags [P.], seq 408:604, ack 1, win 294, options [nop,nop,TS val 611206362 ecr 1137544971], length 196
19:14:25.698201 IP 172.20.10.74.54988 > 172.20.10.199.22: Flags [.], ack 188, win 1423, options [nop,nop,TS val 1137545095 ecr 611206362], length 0
19:14:25.698247 IP 172.20.10.199.22 > 172.20.10.74.54988: Flags [P.], seq 604:952, ack 1, win 294, options [nop,nop,TS val 611206362 ecr 1137545095], length 348
19:14:25.698277 IP 172.20.10.199.22 > 172.20.10.74.54988: Flags [P.], seq 952:1148, ack 1, win 294, options [nop,nop,TS val 611206362 ecr 1137545095], length 196
19:14:25.698301 IP 172.20.10.74.54988 > 172.20.10.199.22: Flags [.], ack 408, win 1422, options [nop,nop,TS val 1137545095 ecr 611206362], length 0
19:14:25.698320 IP 172.20.10.199.22 > 172.20.10.74.54988: Flags [P.], seq 1148:1352, ack 1, win 294, options [nop,nop,TS val 611206362 ecr 1137545095], length 204
19:14:25.698333 IP 172.20.10.74.54988 > 172.20.10.199.22: Flags [.], ack 604, win 1421, options [nop,nop,TS val 1137545095 ecr 611206362], length 0
19:14:25.698381 IP 172.20.10.199.22 > 172.20.10.74.54988: Flags [P.], seq 1352:1852, ack 1, win 294, options [nop,nop,TS val 611206362 ecr 1137545095], length 500
10 packets captured
920 packets received by filter
567 packets dropped by kernel
[newnew@VM_10_199_centos ~]$ sudo tcpdump host 172.20.10.30 -nnn  -s 0 -c 10
tcpdump: verbose output suppressed, use -v or -vv for full protocol decode
listening on eth0, link-type EN10MB (Ethernet), capture size 262144 bytes
19:15:42.286600 IP 172.20.10.30.39684 > 172.20.10.200.3306: Flags [S], seq 3127421758, win 29200, options [mss 1424,sackOK,TS val 1502871 ecr 0,nop,wscale 7], length 0
19:15:42.286603 IP 172.20.10.30.39684 > 172.20.10.200.3306: Flags [S], seq 3127421758, win 29200, options [mss 1424,sackOK,TS val 1502871 ecr 0,nop,wscale 7], length 0
19:15:42.286609 IP 172.20.10.30.39684 > 172.20.10.200.3306: Flags [S], seq 3127421758, win 29200, options [mss 1424,sackOK,TS val 1505876 ecr 0,nop,wscale 7], length 0
19:15:42.286610 IP 172.20.10.30.39684 > 172.20.10.200.3306: Flags [S], seq 3127421758, win 29200, options [mss 1424,sackOK,TS val 1505876 ecr 0,nop,wscale 7], length 0
19:15:42.286612 IP 172.20.10.30.39684 > 172.20.10.200.3306: Flags [S], seq 3127421758, win 29200, options [mss 1424,sackOK,TS val 1503872 ecr 0,nop,wscale 7], length 0
19:15:42.286611 IP 172.20.10.30.40068 > 172.20.10.200.3306: Flags [S], seq 2883917897, win 29200, options [mss 1424,sackOK,TS val 2188742 ecr 0,nop,wscale 7], length 0
19:15:42.286614 IP 172.20.10.30.39684 > 172.20.10.200.3306: Flags [S], seq 3127421758, win 29200, options [mss 1424,sackOK,TS val 1503872 ecr 0,nop,wscale 7], length 0
19:15:42.286615 IP 172.20.10.30.39684 > 172.20.10.200.3306: Flags [S], seq 3127421758, win 29200, options [mss 1424,sackOK,TS val 1517904 ecr 0,nop,wscale 7], length 0
19:15:42.286617 IP 172.20.10.30.39684 > 172.20.10.200.3306: Flags [S], seq 3127421758, win 29200, options [mss 1424,sackOK,TS val 1517904 ecr 0,nop,wscale 7], length 0
19:15:42.286619 IP 172.20.10.30.39684 > 172.20.10.200.3306: Flags [S], seq 3127421758, win 29200, options [mss 1424,sackOK,TS val 1509888 ecr 0,nop,wscale 7], length 0
10 packets captured
[newnew@VM_10_199_centos ~]$ sudo tcpdump src host 172.20.10.74 -nnn  -s 0 -c 10
tcpdump: verbose output suppressed, use -v or -vv for full protocol decode
listening on eth0, link-type EN10MB (Ethernet), capture size 262144 bytes
19:18:53.506978 IP 172.20.10.74.54988 > 172.20.10.199.22: Flags [.], ack 787524423, win 1423, options [nop,nop,TS val 1137812901 ecr 611474171], length 0
19:18:53.507306 IP 172.20.10.74.54988 > 172.20.10.199.22: Flags [.], ack 197, win 1422, options [nop,nop,TS val 1137812901 ecr 611474171], length 0
19:18:53.507562 IP 172.20.10.74.54988 > 172.20.10.199.22: Flags [.], ack 385, win 1421, options [nop,nop,TS val 1137812902 ecr 611474171], length 0
19:18:53.507817 IP 172.20.10.74.54988 > 172.20.10.199.22: Flags [.], ack 573, win 1420, options [nop,nop,TS val 1137812902 ecr 611474172], length 0
19:18:53.508061 IP 172.20.10.74.54988 > 172.20.10.199.22: Flags [.], ack 761, win 1419, options [nop,nop,TS val 1137812902 ecr 611474172], length 0
19:18:53.508305 IP 172.20.10.74.54988 > 172.20.10.199.22: Flags [.], ack 949, win 1418, options [nop,nop,TS val 1137812902 ecr 611474172], length 0
19:18:53.508517 IP 172.20.10.74.54988 > 172.20.10.199.22: Flags [.], ack 1137, win 1417, options [nop,nop,TS val 1137812903 ecr 611474172], length 0
19:18:53.508734 IP 172.20.10.74.54988 > 172.20.10.199.22: Flags [.], ack 1325, win 1416, options [nop,nop,TS val 1137812903 ecr 611474173], length 0
19:18:53.509022 IP 172.20.10.74.54988 > 172.20.10.199.22: Flags [.], ack 1513, win 1416, options [nop,nop,TS val 1137812903 ecr 611474173], length 0
19:18:53.509787 IP 172.20.10.74.54988 > 172.20.10.199.22: Flags [.], ack 1701, win 1416, options [nop,nop,TS val 1137812904 ecr 611474174], length 0
10 packets captured
566 packets received by filter
215 packets dropped by kernel
[newnew@VM_10_199_centos ~]$ sudo tcpdump src host 172.20.10.74 -nnn  -s 0 -c 10 -vv
tcpdump: listening on eth0, link-type EN10MB (Ethernet), capture size 262144 bytes
19:19:10.064934 IP (tos 0x10, ttl 64, id 28232, offset 0, flags [DF], proto TCP (6), length 52)
    172.20.10.74.54988 > 172.20.10.199.22: Flags [.], cksum 0xcf1f (correct), seq 3397567861, ack 787526855, win 1424, options [nop,nop,TS val 1137829459 ecr 611490729], length 0
19:19:10.065270 IP (tos 0x10, ttl 64, id 28233, offset 0, flags [DF], proto TCP (6), length 52)
    172.20.10.74.54988 > 172.20.10.199.22: Flags [.], cksum 0xcde5 (correct), seq 0, ack 317, win 1422, options [nop,nop,TS val 1137829459 ecr 611490729], length 0
19:19:10.065503 IP (tos 0x10, ttl 64, id 28234, offset 0, flags [DF], proto TCP (6), length 52)
    172.20.10.74.54988 > 172.20.10.199.22: Flags [.], cksum 0xccbb (correct), seq 0, ack 617, win 1420, options [nop,nop,TS val 1137829459 ecr 611490729], length 0
19:19:10.065718 IP (tos 0x10, ttl 64, id 28235, offset 0, flags [DF], proto TCP (6), length 52)
    172.20.10.74.54988 > 172.20.10.199.22: Flags [.], cksum 0xcb8f (correct), seq 0, ack 917, win 1418, options [nop,nop,TS val 1137829460 ecr 611490730], length 0
19:19:10.065945 IP (tos 0x10, ttl 64, id 28236, offset 0, flags [DF], proto TCP (6), length 52)
    172.20.10.74.54988 > 172.20.10.199.22: Flags [.], cksum 0xca65 (correct), seq 0, ack 1217, win 1416, options [nop,nop,TS val 1137829460 ecr 611490730], length 0
19:19:10.066166 IP (tos 0x10, ttl 64, id 28237, offset 0, flags [DF], proto TCP (6), length 52)
    172.20.10.74.54988 > 172.20.10.199.22: Flags [.], cksum 0xc939 (correct), seq 0, ack 1517, win 1416, options [nop,nop,TS val 1137829460 ecr 611490730], length 0
19:19:10.066388 IP (tos 0x10, ttl 64, id 28238, offset 0, flags [DF], proto TCP (6), length 52)
    172.20.10.74.54988 > 172.20.10.199.22: Flags [.], cksum 0xc80d (correct), seq 0, ack 1817, win 1416, options [nop,nop,TS val 1137829460 ecr 611490730], length 0
19:19:10.067443 IP (tos 0x10, ttl 64, id 28239, offset 0, flags [DF], proto TCP (6), length 52)
    172.20.10.74.54988 > 172.20.10.199.22: Flags [.], cksum 0xc6e0 (correct), seq 0, ack 2117, win 1416, options [nop,nop,TS val 1137829461 ecr 611490730], length 0
19:19:10.067847 IP (tos 0x10, ttl 64, id 28240, offset 0, flags [DF], proto TCP (6), length 52)
    172.20.10.74.54988 > 172.20.10.199.22: Flags [.], cksum 0xc5b1 (correct), seq 0, ack 2417, win 1416, options [nop,nop,TS val 1137829462 ecr 611490732], length 0
19:19:10.068113 IP (tos 0x10, ttl 64, id 28241, offset 0, flags [DF], proto TCP (6), length 52)
    172.20.10.74.54988 > 172.20.10.199.22: Flags [.], cksum 0xc485 (correct), seq 0, ack 2717, win 1416, options [nop,nop,TS val 1137829462 ecr 611490732], length 0
10 packets captured
543 packets received by filter
192 packets dropped by kernel
[newnew@VM_10_199_centos ~]$ sudo tcpdump src host 172.20.10.74 -nnn  -s 0 -c 10 -v
tcpdump: listening on eth0, link-type EN10MB (Ethernet), capture size 262144 bytes
19:19:21.744787 IP (tos 0x10, ttl 64, id 28250, offset 0, flags [DF], proto TCP (6), length 52)
    172.20.10.74.54988 > 172.20.10.199.22: Flags [.], cksum 0x65e0 (correct), ack 787530323, win 1424, options [nop,nop,TS val 1137841138 ecr 611502409], length 0
19:19:21.745122 IP (tos 0x10, ttl 64, id 28251, offset 0, flags [DF], proto TCP (6), length 52)
    172.20.10.74.54988 > 172.20.10.199.22: Flags [.], cksum 0x64b5 (correct), ack 301, win 1422, options [nop,nop,TS val 1137841139 ecr 611502409], length 0
19:19:21.745340 IP (tos 0x10, ttl 64, id 28252, offset 0, flags [DF], proto TCP (6), length 52)
    172.20.10.74.54988 > 172.20.10.199.22: Flags [.], cksum 0x6393 (correct), ack 593, win 1420, options [nop,nop,TS val 1137841139 ecr 611502409], length 0
19:19:21.745545 IP (tos 0x10, ttl 64, id 28253, offset 0, flags [DF], proto TCP (6), length 52)
    172.20.10.74.54988 > 172.20.10.199.22: Flags [.], cksum 0x6271 (correct), ack 885, win 1418, options [nop,nop,TS val 1137841139 ecr 611502409], length 0
19:19:21.745745 IP (tos 0x10, ttl 64, id 28254, offset 0, flags [DF], proto TCP (6), length 52)
    172.20.10.74.54988 > 172.20.10.199.22: Flags [.], cksum 0x614e (correct), ack 1177, win 1416, options [nop,nop,TS val 1137841139 ecr 611502410], length 0
19:19:21.745923 IP (tos 0x10, ttl 64, id 28255, offset 0, flags [DF], proto TCP (6), length 52)
    172.20.10.74.54988 > 172.20.10.199.22: Flags [.], cksum 0x6029 (correct), ack 1469, win 1416, options [nop,nop,TS val 1137841140 ecr 611502410], length 0
19:19:21.746131 IP (tos 0x10, ttl 64, id 28256, offset 0, flags [DF], proto TCP (6), length 52)
    172.20.10.74.54988 > 172.20.10.199.22: Flags [.], cksum 0x5f05 (correct), ack 1761, win 1416, options [nop,nop,TS val 1137841140 ecr 611502410], length 0
19:19:21.746329 IP (tos 0x10, ttl 64, id 28257, offset 0, flags [DF], proto TCP (6), length 52)
    172.20.10.74.54988 > 172.20.10.199.22: Flags [.], cksum 0x5de1 (correct), ack 2053, win 1416, options [nop,nop,TS val 1137841140 ecr 611502410], length 0
19:19:21.746537 IP (tos 0x10, ttl 64, id 28258, offset 0, flags [DF], proto TCP (6), length 52)
    172.20.10.74.54988 > 172.20.10.199.22: Flags [.], cksum 0x5cbd (correct), ack 2345, win 1416, options [nop,nop,TS val 1137841140 ecr 611502410], length 0
19:19:21.746718 IP (tos 0x10, ttl 64, id 28259, offset 0, flags [DF], proto TCP (6), length 52)
    172.20.10.74.54988 > 172.20.10.199.22: Flags [.], cksum 0x5b98 (correct), ack 2637, win 1416, options [nop,nop,TS val 1137841140 ecr 611502411], length 0
10 packets captured
574 packets received by filter
223 packets dropped by kernel


#---------------------------------------------------------------------------------------------------------------------------
2018-06-19:腾讯工程师处理后验证过程如下：
Connecting to newnew@172.20.10.199 0.1
Last login: Mon Jun 18 19:01:28 2018 from 172.20.10.74
[newnew@VM_10_199_centos ~]$ ip a s 
1: lo: <LOOPBACK,UP,LOWER_UP> mtu 65536 qdisc noqueue state UNKNOWN qlen 1
    link/loopback 00:00:00:00:00:00 brd 00:00:00:00:00:00
    inet 127.0.0.1/8 scope host lo
       valid_lft forever preferred_lft forever
2: eth0: <BROADCAST,MULTICAST,UP,LOWER_UP> mtu 1500 qdisc mq state UP qlen 1000
    link/ether 52:54:00:1e:4e:4c brd ff:ff:ff:ff:ff:ff
    inet 172.20.10.199/24 brd 172.20.10.255 scope global eth0
       valid_lft forever preferred_lft forever
    inet 172.20.10.200/32 scope global eth0
       valid_lft forever preferred_lft forever
[newnew@VM_10_199_centos ~]$ sudo tcpdump host 172.20.10.74 or host 172.20.10.30 -s 0 -nnn -c 10
tcpdump: verbose output suppressed, use -v or -vv for full protocol decode
listening on eth0, link-type EN10MB (Ethernet), capture size 262144 bytes
08:39:38.724745 IP 172.20.10.74.35804 > 172.20.10.200.3306: Flags [S], seq 3082180960, win 29200, options [mss 1424,sackOK,TS val 44476378 ecr 0,nop,wscale 7], length 0
08:39:38.724803 IP 172.20.10.200.3306 > 172.20.10.74.35804: Flags [S.], seq 3332843245, ack 3082180961, win 28960, options [mss 1460,sackOK,TS val 659519389 ecr 44476378,nop,wscale 7], length 0
08:39:38.725022 IP 172.20.10.74.35804 > 172.20.10.200.3306: Flags [.], ack 1, win 229, options [nop,nop,TS val 44476379 ecr 659519389], length 0
08:39:38.725244 IP 172.20.10.200.3306 > 172.20.10.74.35804: Flags [P.], seq 1:83, ack 1, win 227, options [nop,nop,TS val 659519389 ecr 44476379], length 82
08:39:38.725486 IP 172.20.10.74.35804 > 172.20.10.200.3306: Flags [.], ack 83, win 229, options [nop,nop,TS val 44476379 ecr 659519389], length 0
08:39:41.532777 IP 172.20.10.74.35804 > 172.20.10.200.3306: Flags [P.], seq 1:3, ack 83, win 229, options [nop,nop,TS val 44479186 ecr 659519389], length 2
08:39:41.532822 IP 172.20.10.200.3306 > 172.20.10.74.35804: Flags [.], ack 3, win 227, options [nop,nop,TS val 659522197 ecr 44479186], length 0
08:39:43.162202 IP 172.20.10.74.35804 > 172.20.10.200.3306: Flags [P.], seq 3:8, ack 83, win 229, options [nop,nop,TS val 44480816 ecr 659522197], length 5
08:39:43.162243 IP 172.20.10.200.3306 > 172.20.10.74.35804: Flags [.], ack 8, win 227, options [nop,nop,TS val 659523826 ecr 44480816], length 0
08:39:43.162379 IP 172.20.10.200.3306 > 172.20.10.74.35804: Flags [P.], seq 83:120, ack 8, win 227, options [nop,nop,TS val 659523826 ecr 44480816], length 37
10 packets captured
14 packets received by filter
0 packets dropped by kernel
[newnew@VM_10_199_centos ~]$ sudo tcpdump host 172.20.10.74 or host 172.20.10.30 -s 0 -nnn -c 10
tcpdump: verbose output suppressed, use -v or -vv for full protocol decode
listening on eth0, link-type EN10MB (Ethernet), capture size 262144 bytes
08:40:36.821080 IP 172.20.10.30.37594 > 172.20.10.200.3306: Flags [S], seq 1724393696, win 29200, options [mss 1424,sackOK,TS val 44691347 ecr 0,nop,wscale 7], length 0
08:40:36.821131 IP 172.20.10.200.3306 > 172.20.10.30.37594: Flags [S.], seq 2134074132, ack 1724393697, win 28960, options [mss 1460,sackOK,TS val 659577485 ecr 44691347,nop,wscale 7], length 0
08:40:36.821347 IP 172.20.10.30.37594 > 172.20.10.200.3306: Flags [.], ack 1, win 229, options [nop,nop,TS val 44691347 ecr 659577485], length 0
08:40:36.821585 IP 172.20.10.200.3306 > 172.20.10.30.37594: Flags [P.], seq 1:83, ack 1, win 227, options [nop,nop,TS val 659577486 ecr 44691347], length 82
08:40:36.821773 IP 172.20.10.30.37594 > 172.20.10.200.3306: Flags [.], ack 83, win 229, options [nop,nop,TS val 44691347 ecr 659577486], length 0
08:40:40.360640 IP 172.20.10.30.37594 > 172.20.10.200.3306: Flags [P.], seq 1:6, ack 83, win 229, options [nop,nop,TS val 44694886 ecr 659577486], length 5
08:40:40.360686 IP 172.20.10.200.3306 > 172.20.10.30.37594: Flags [.], ack 6, win 227, options [nop,nop,TS val 659581025 ecr 44694886], length 0
08:40:40.360784 IP 172.20.10.200.3306 > 172.20.10.30.37594: Flags [P.], seq 83:114, ack 6, win 227, options [nop,nop,TS val 659581025 ecr 44694886], length 31
08:40:40.360804 IP 172.20.10.200.3306 > 172.20.10.30.37594: Flags [F.], seq 114, ack 6, win 227, options [nop,nop,TS val 659581025 ecr 44694886], length 0
08:40:40.360815 IP 172.20.10.200.3306 > 172.20.10.30.37594: Flags [R.], seq 115, ack 6, win 227, options [nop,nop,TS val 0 ecr 44694886], length 0
10 packets captured
12 packets received by filter
0 packets dropped by kernel
[newnew@VM_10_199_centos ~]$ sudo /opt/script/keepalived_install.sh restart
终止 keepalived 进程
keepalived 启动成功
[newnew@VM_10_199_centos ~]$ ip a  s
1: lo: <LOOPBACK,UP,LOWER_UP> mtu 65536 qdisc noqueue state UNKNOWN qlen 1
    link/loopback 00:00:00:00:00:00 brd 00:00:00:00:00:00
    inet 127.0.0.1/8 scope host lo
       valid_lft forever preferred_lft forever
2: eth0: <BROADCAST,MULTICAST,UP,LOWER_UP> mtu 1500 qdisc mq state UP qlen 1000
    link/ether 52:54:00:1e:4e:4c brd ff:ff:ff:ff:ff:ff
    inet 172.20.10.199/24 brd 172.20.10.255 scope global eth0
       valid_lft forever preferred_lft forever
[newnew@VM_10_199_centos ~]$ exit
logout
#---------------------------------------------------------------------------------------------------------------------------
#VIP漂移后验证结果：

Opt> 10.198

Connecting to newnew@172.20.10.198 0.1
Last login: Tue Jun 19 08:38:16 2018 from 172.20.10.201
[newnew@VM_10_198_centos ~]$ ip a  s
1: lo: <LOOPBACK,UP,LOWER_UP> mtu 65536 qdisc noqueue state UNKNOWN qlen 1
    link/loopback 00:00:00:00:00:00 brd 00:00:00:00:00:00
    inet 127.0.0.1/8 scope host lo
       valid_lft forever preferred_lft forever
2: eth0: <BROADCAST,MULTICAST,UP,LOWER_UP> mtu 1500 qdisc mq state UP qlen 1000
    link/ether 52:54:00:7c:f6:a4 brd ff:ff:ff:ff:ff:ff
    inet 172.20.10.198/24 brd 172.20.10.255 scope global eth0
       valid_lft forever preferred_lft forever
    inet 172.20.10.200/32 scope global eth0
       valid_lft forever preferred_lft forever
[newnew@VM_10_198_centos ~]$ !mysql
mysql -uroot -p
Enter password: 
Welcome to the MySQL monitor.  Commands end with ; or \g.
Your MySQL connection id is 28041
Server version: 5.7.21-log MySQL Community Server (GPL)

Copyright (c) 2000, 2018, Oracle and/or its affiliates. All rights reserved.

Oracle is a registered trademark of Oracle Corporation and/or its
affiliates. Other names may be trademarks of their respective
owners.

Type 'help;' or '\h' for help. Type '\c' to clear the current input statement.

mysql>  show processlist;
+-------+-------------+---------------------+------+------------------+-------+---------------------------------------------------------------+------------------+
| Id    | User        | Host                | db   | Command          | Time  | State                                                         | Info             |
+-------+-------------+---------------------+------+------------------+-------+---------------------------------------------------------------+------------------+
|     1 | system user |                     | NULL | Connect          | 50805 | Waiting for master to send event                              | NULL             |
|     2 | system user |                     | NULL | Connect          | 47024 | Slave has read all relay log; waiting for more updates        | NULL             |
|     3 | system user |                     | NULL | Connect          | 50805 | Waiting for an event from Coordinator                         | NULL             |
|     4 | system user |                     | NULL | Connect          | 50805 | Waiting for an event from Coordinator                         | NULL             |
|   571 | repl        | 172.20.10.199:43626 | NULL | Binlog Dump GTID | 46972 | Master has sent all binlog to slave; waiting for more updates | NULL             |
| 27863 | repl        | 172.20.10.74:36424  | NULL | Sleep            |   270 |                                                               | NULL             |
| 27982 | newnew      | 172.20.10.74:36726  | ats  | Sleep            |    75 |                                                               | NULL             |
| 27983 | newnew      | 172.20.10.74:36730  | ats  | Sleep            |   101 |                                                               | NULL             |
| 27984 | newnew      | 172.20.10.74:36732  | mq   | Sleep            |   100 |                                                               | NULL             |
| 27986 | newnew      | 172.20.10.74:36734  | mq   | Sleep            |   100 |                                                               | NULL             |
| 28003 | newnew      | 172.20.10.74:36788  | ats  | Sleep            |    75 |                                                               | NULL             |
| 28041 | root        | localhost           | NULL | Query            |     0 | starting                                                      | show processlist |
+-------+-------------+---------------------+------+------------------+-------+---------------------------------------------------------------+------------------+
12 rows in set (0.00 sec)

mysql>  show processlist;
+-------+-------------+---------------------+------+------------------+-------+---------------------------------------------------------------+------------------+
| Id    | User        | Host                | db   | Command          | Time  | State                                                         | Info             |
+-------+-------------+---------------------+------+------------------+-------+---------------------------------------------------------------+------------------+
|     1 | system user |                     | NULL | Connect          | 51171 | Waiting for master to send event                              | NULL             |
|     2 | system user |                     | NULL | Connect          | 47390 | Slave has read all relay log; waiting for more updates        | NULL             |
|     3 | system user |                     | NULL | Connect          | 51171 | Waiting for an event from Coordinator                         | NULL             |
|     4 | system user |                     | NULL | Connect          | 51171 | Waiting for an event from Coordinator                         | NULL             |
|   571 | repl        | 172.20.10.199:43626 | NULL | Binlog Dump GTID | 47338 | Master has sent all binlog to slave; waiting for more updates | NULL             |
| 27982 | newnew      | 172.20.10.74:36726  | ats  | Sleep            |    81 |                                                               | NULL             |
| 27983 | newnew      | 172.20.10.74:36730  | ats  | Sleep            |   467 |                                                               | NULL             |
| 27984 | newnew      | 172.20.10.74:36732  | mq   | Sleep            |   466 |                                                               | NULL             |
| 27986 | newnew      | 172.20.10.74:36734  | mq   | Sleep            |   466 |                                                               | NULL             |
| 28003 | newnew      | 172.20.10.74:36788  | ats  | Sleep            |   321 |                                                               | NULL             |
| 28041 | root        | localhost           | NULL | Query            |     0 | starting                                                      | show processlist |
+-------+-------------+---------------------+------+------------------+-------+---------------------------------------------------------------+------------------+
11 rows in set (0.00 sec)
#------------------业务起来后可以看到链接已经正常----------------------------
mysql>  show processlist;
+-------+-------------+---------------------+------+------------------+-------+---------------------------------------------------------------+------------------+
| Id    | User        | Host                | db   | Command          | Time  | State                                                         | Info             |
+-------+-------------+---------------------+------+------------------+-------+---------------------------------------------------------------+------------------+
|     1 | system user |                     | NULL | Connect          | 51452 | Waiting for master to send event                              | NULL             |
|     2 | system user |                     | NULL | Connect          | 47671 | Slave has read all relay log; waiting for more updates        | NULL             |
|     3 | system user |                     | NULL | Connect          | 51452 | Waiting for an event from Coordinator                         | NULL             |
|     4 | system user |                     | NULL | Connect          | 51452 | Waiting for an event from Coordinator                         | NULL             |
|   571 | repl        | 172.20.10.199:43626 | NULL | Binlog Dump GTID | 47619 | Master has sent all binlog to slave; waiting for more updates | NULL             |
| 27982 | newnew      | 172.20.10.74:36726  | ats  | Sleep            |     2 |                                                               | NULL             |
| 28041 | root        | localhost           | NULL | Query            |     0 | starting                                                      | show processlist |
| 28287 | newnew      | 172.20.10.74:37774  | ats  | Sleep            |     2 |                                                               | NULL             |
| 28422 | newnew      | 172.20.10.76:46698  | ats  | Sleep            |     8 |                                                               | NULL             |
| 28423 | newnew      | 172.20.10.76:46702  | ats  | Sleep            |     7 |                                                               | NULL             |
| 28425 | newnew      | 172.20.10.76:46704  | mq   | Sleep            |     7 |                                                               | NULL             |
| 28426 | newnew      | 172.20.10.76:46706  | mq   | Sleep            |     7 |                                                               | NULL             |
+-------+-------------+---------------------+------+------------------+-------+---------------------------------------------------------------+------------------+
12 rows in set (0.00 sec)


        